// Jest Snapshot v1, https://goo.gl/fbAQLP

exports[`Header 样式发生改变，做提示 1`] = `
<div class="header">
  <div class="header-content">
    TodoList
    <input placeholder="TodoItem" data-test="input" class="header-input">
  </div>
</div>
`;

exports[`Header 组件 样式发生改变，需做提示 1`] = `
<div class="header">
  <div class="header-content">
    TodoList
    <input placeholder="TodoItem" data-test="input" class="header-input">
  </div>
</div>
`;
